// Jest Snapshot v1, https://goo.gl/fbAQLP

exports[`Main should render the heading 1`] = `
.c0 {
  background-color: #f0f0f0;
  height: 100vh;
  display: flex;
  justify-content: center;
  align-items: center;
}

<main
  class="c0"
>
  <h1>
    Hello World
  </h1>
</main>
`;
